// Jest Snapshot v1, https://goo.gl/fbAQLP

exports[`renders Footer without crashing 1`] = `
<div>
  <div
    class="uber-color2 form-align"
  >
    <a
      href="/Contact+FAQ"
    >
      <button
        class="btn btn-primary button-footer"
        type="button"
      >
        Contact
      </button>
    </a>
    <br />
    <span>
      Â© 2019
    </span>
    <br />
    <span>
      Created by Marianne LEVEE & Thomas DEROTE-PARCELLIER
    </span>
  </div>
</div>
`;
